-----BEGIN PGP MESSAGE-----
Version: BCPG v1.43

owJ4nAEPA/D8kA0DAAIBqSN4tqatxfYBy8APYhdsaWNlbnNlRmlsZU5hbWUtSWdu
b3JlZFB6xBsjLS0gbGljZW5zZSBmaWxlDQojU3VuIE9jdCAxNCAxNjo1NDozMiBF
RVNUIDIwMTINCm1heGltdW1OdW1iZXJPZlVzZXJzPTEwMA0Kc2VydmVySWQ9QlA4
US1XWE42LVNLWDMtTkI1TQ0KdmFsaWRVbnRpbD0yMDEzLTEwLTEzDQpcdTAwRUZc
dTAwQkJcdTAwQkZjb21wYW55TmFtZT1UZXN0IENvbXBhbnkgTmFtZQ0KiQIrBAAB
AgAVBQJQesQbDhx0dW5jYXlzZW50dXJrAAoJEKkjeLamrcX2NvcP/3bwNr40mN6r
eMSAH3wC+xNw7d0uftj8WHJiDczZ5Xl8IO5jk6tsG/lVIU29vKO0Y4Ajnooy797M
abpzaTymHP/4lGlt/v4VXNWoJTdYD0lerDEPDiALqdIUzJb55zkmlwAMIHXdI929
KdsP8KLZ2iX0MR4B0Wajh4u/hLver3KbvYfDfkbxSAuXjSOZdv2GXGqyoSb4OuUO
TA1D34s5gfKj2SezhbFTLPFkz+kjkud+0YqxijJj0Cx+RJ8Cv2axsXPnwKP+k8nR
82Dkcf5O6oqTxvs5+A0uwZDIbbmws2MOEjrcCctlCCXyJuzbWm/jpVvd+cj9F2eT
kU9SuliV9U12pDh3ASarJUP7Gf+7nho3Rc/k0RKptu2XPAy2u4QSy3beLz5gNY9i
cv+f0yuPhxqzCKTKHUKDS0B82+Sg35HWTIiN8SoPj2ofLtCPcqNy5QHFqtJ46uz8
d2Pnr4DeGbXnYIfajKSxrdTWEO9i6a07Smr8w3iwkPSOsqdk62f7A4WMkw8f++bF
QocrAGFBxkSyad5VUMJ+xx+wrCxB5zW3+d7+eujNSEppHnybFvoECS8PSBH8+1Ga
eUHPde1Z1wyDtpdy+lczqBL5yGSP0eJITkx2BJPc3/lHPtHq+OMwO4UpbSIYkqzq
REr6MeHRjT6+Wb2BEHOquAchCHNhddvkochkeQ==
=fuqY
-----END PGP MESSAGE-----
