-----BEGIN PGP MESSAGE-----
Version: BCPG v1.43

owJ4nJvAy8zAxLhSuWLbsrVHvzGePmCXJJ6TmZyaV5zqlpmT6peYm6rrmZ6XX5Sa
EtCQdF5ZV1cBKq2QBpTn5VIOyShV8E8uUTC0UDAytjI0tjIwUHB1DQ5RMDIwNOLl
yk2syMwtzfUrzU1KLfJPCy1OLSq21TXk5QIyylKLPFNsnQIsAnXDI/zMdIO9I4x1
/ZxMfXm5yhJzMlNC80oyc2xB5ugaGugamvJyJefnFiTmVYKcZRuSWlyi4AwRUACJ
8HLFlBoYuLqBSCcnMOkWkpFZbJtZrJCI4myF/DQFL88gRwXXvIzEvOTUIoWAnNL0
zDxerk4mbRYGRiYGUVYmkH/5ZEpK85ITK4tT80pKi7IZuDgFYGHlLMT/i7m89l/K
b8lupqLL1co8e3pE7q59Kua1P+WE2Oy/t4w23zlR/Pu3CZvNDesZG88rTH68eM/B
9uCs74KZWgLVgaYbw+p8f1r/WcR357Ch/zUd3ynMuRLt5ZUds7Ud64U36HYHcL66
XsMRsHdRjoVfvSo3zyYvu0W2nr5Bxy5IJQdoFd/rk7mmtkcv78Kh1bG3Yn1OSxxb
W+e4adLKRVFzj1zmNOGKmjNTKyDf7Of5tjNn1zIyes65c16M57JceC3nB2m226yL
5k+PYjeOaNux0kM6try6ckOCWPOxi1uCprJ2z971zH7P6888ItIN6tMjZ6tHWr1P
4vhX/9u490ZekZz0+Q2t12YI2xxQM/j06Ybuzm8f6/jTPVjvlr+1stOrX3Th8drp
x2fPDOD5qmqU9XByyubUvaevbOnn/tjdMveXSc952570eQb9/dvS1wdJTJ0e4ZDW
83m/Me+KthdsvRo6n2ZOKVs7/wTXtKP/uhr+7Wzh9k9S/yJjbzuhMnPe0791P6Tz
k++6Hjl3KNC2S+kZH+fSKaJHS6Y+W8FUpJ345ZPaW8Gdh1qWzDmW7rBm/lOVAO+P
b3+JrcvT1coyZAyVNdcpefHlVnDzynbTFungV2tNzee9upDcrG5f3PW9XKPJ0OaP
nVzkhk92/KEV8u0z7l5etr01sYrjdt3LC9Vt+jyldoltcyJvMs9t8VE526r2q0/h
18+wPZMAIvNgsw==
=Qcrv
-----END PGP MESSAGE-----
