-----BEGIN PGP MESSAGE-----
Version: BCPG v1.43

owJ4nJvAy8zAxLhSuWLbsrVHvzGePuCUJJ6TmZyaV5zqlpmT6peYm6rrmZ6XX5Sa
ElDtp6Osq6sAlVZIA8rzcin75ucp+CeXKBiaKhgYWZkYWxlbKLi6BocoGBkYGvFy
5SZWZOaW5vqV5ialFvmnhRanFhXb6hrycgEZZalFnim2TgEWgbrhEX5musHeEca6
fk6mvrxcZYk5mSmheSWZObZAc4x1DQ10DY15uZLzcwsS8ypBzrINSS0uUXCGCCiA
RHi5YkoNDFzdQKSTE5h0C8nILLbNLFZIVCgBKYe5vSQjsUQB5gKF8sycHIXczOLc
xJLkDF6uTiZtFgZGJgZRViaQn/lkSkrzkhMri1PzSkqLshm4OAVg4bWXjf+fmfjN
WWe49TdfvLKyRuz+1KKuL7M+SaR8UVgco6LdsKX33zlhtwnzvcVdDy2z2CMbLZHJ
sHWmpHbA6k82Pi0TDyy7tmFbjbToRhn3il9b3dViZX3ZuK4UnPodKPF7hUV+7ePP
q/7f3LVboFR52cLVKoK7nxxcxyhbqSjUYeKgZenlKdJbeqF3h5TJ5Ffy6aVm/FO3
8ir4KfV5nmaLfVmQu/fNUtNtT97+EZ73+vZrzZb52z8+jf4buCnYjyX8iClnzS37
7FvvCjxNRVyV++Zyn76cKOJlJTmHTYnpSIBTbviVi2/kL62d+fele8XLx8fmrVnS
bi7twPp67fHDD091yR794R+/b79ebdukwDrbI7O1Q6aecVVYsFdWs7Duf5lCT8QG
iy9a9+fsWq1XrV/NFiGdf63VLViUyc8kbq/kXOX/XxdIdhvYJ5b6X6mNfs33ZL9k
3+uH5T9Ylm9Ys9BRYnKxq5L1/uK3XL7VpxSmstpsXsG1X3Rn3/llltKHFdWn3mV7
GT/nIpeXTWq1eodElP8Fl64tYtdPrwlk2XO6vOfU429zDQs+/5avMFr7SVXuQKMx
34fytY0vPzxe3cGsxWYf4+i2w+5Gqvy/2cU99znn9rUqa92ZfkJ+rtBkthO/DLlv
vmt61+28UD7K6t457isHXS/9XD3lMF/krdiDKyaXnXykYj7jrXOVG+/ntb1RO5lL
lq938hZWf/8AAFP/YJI=
=dm3M
-----END PGP MESSAGE-----
