-----BEGIN PGP MESSAGE-----
Version: BCPG v1.43

owJ4nJvAy8zAxLhSuWLbsrVHvzGePmCXJJ6TmZyaV5zqlpmT6peYm6rrmZ6XX5Sa
EtCQfFpZV1cBKq2QBpTn5VIOyShV8E8uUTC0UDAytjI0tzI0UXB1DQ5RMDIwNOLl
yk2syMwtzfUrzU1KLfJPCy1OLSq21TXk5QIyylKLPFNsnQIsAnXDI/zMdIO9I4x1
/ZxMfXm5yhJzMlNC80oyc2yNDCwtdQ0NdA1NebmS83MLEvMqQc6yDUktLlFwhggo
gER4uWJKDQxc3UCkkxOYdAvJyCy2zSxWSERxtkJ+moKXZ5CjgmteRmJecmqRQkBO
aXpmHi9XJ5M2CwMjE4MoKxPIv3wyJaV5yYmVxal5JaVF2QxcnAKwsFK9x/+b7V19
1iyTU3bT06pFv06POLpTSMcot2FJu4Ft1h9t8RjXj5v3/TzI8KTyqodgQF7H3pyD
WnwL7hzSXvxGSJ3jSenVSU80M0VPJwjdFAhdLtcaN+HDH9G7u+U1ZnhO3Si8ckaY
66b+2dcvrWC4burvoe97meeMJd89NV1zvan3nwezfOKyzVO584nfQL2CY1f9Bo4t
D3W7WDld2l2f53xP9qkxTXMtZ1rR/17z+tGw+V/092wyXKM+sb1yfyDrDO/Yxq8r
F/mxXY84yHvujAanXX9EQ5JemKX33n9/7Viv9fPYf8ku5j2a2Mj27LLgncbscLE/
m45HOZ4QjdI9+6lu764ZLcu+7jrNER269eOqIp0KyeeW262XnJOz/tXe21go+pz/
rfDODebTeG5/P9cy7XPY0+nztKX5NZld3Cz+5G8yuxT9wPRZGv+a0kVGLroL7Bd8
Tvm6aYa4XoRuwS+pXwHWCQXZM6TcP/5PNkmeHnfj3+xJKkfME9MyHDQsmZpXK+9l
d+stjnN6ekIodv71Nd7PNtxcZxaauy5E+P80j6uODz/8uau/0qxN4Un6sZWqLAst
H21O9X8x5+uL20ycnhpSn3b8Pua/dq2d40f2T42PG2NNrJdK7k9tX7tVNztONF3y
RUpj1bTAhqd+6s3bb7Xo9iTySyoX/trVUPHz056FV3PdLspPqw1S5fNdUf5k3bZy
aRaTWXJtnwFmY14l
=36wr
-----END PGP MESSAGE-----
